TrivialCPU: Test Completed Successfuly
TrivialCPU cpu Finished after 1000 issued reads, 1000 returned (109912 clocks)
 cpu.pendCycle : Accumulator : Sum.u64 = 589525; SumSQ.u64 = 3709929; Count.u64 = 109912; Min.u64 = 0; Max.u64 = 10; 
 l1cache.default_stat : Accumulator : Sum.u64 = 0; SumSQ.u64 = 0; Count.u64 = 0; Min.u64 = 0; Max.u64 = 0; 
 l1cache.stateEvent_GetS_I : Accumulator : Sum.u64 = 445; SumSQ.u64 = 445; Count.u64 = 445; Min.u64 = 1; Max.u64 = 1; 
 l1cache.stateEvent_GetS_S : Accumulator : Sum.u64 = 361; SumSQ.u64 = 361; Count.u64 = 361; Min.u64 = 1; Max.u64 = 1; 
 l1cache.stateEvent_GetS_M : Accumulator : Sum.u64 = 94; SumSQ.u64 = 94; Count.u64 = 94; Min.u64 = 1; Max.u64 = 1; 
 l1cache.stateEvent_GetX_I : Accumulator : Sum.u64 = 60; SumSQ.u64 = 60; Count.u64 = 60; Min.u64 = 1; Max.u64 = 1; 
 l1cache.stateEvent_GetX_S : Accumulator : Sum.u64 = 34; SumSQ.u64 = 34; Count.u64 = 34; Min.u64 = 1; Max.u64 = 1; 
 l1cache.stateEvent_GetX_M : Accumulator : Sum.u64 = 6; SumSQ.u64 = 6; Count.u64 = 6; Min.u64 = 1; Max.u64 = 1; 
 l1cache.stateEvent_GetSX_I : Accumulator : Sum.u64 = 0; SumSQ.u64 = 0; Count.u64 = 0; Min.u64 = 0; Max.u64 = 0; 
 l1cache.stateEvent_GetSX_S : Accumulator : Sum.u64 = 0; SumSQ.u64 = 0; Count.u64 = 0; Min.u64 = 0; Max.u64 = 0; 
 l1cache.stateEvent_GetSX_M : Accumulator : Sum.u64 = 0; SumSQ.u64 = 0; Count.u64 = 0; Min.u64 = 0; Max.u64 = 0; 
 l1cache.stateEvent_GetSResp_IS : Accumulator : Sum.u64 = 0; SumSQ.u64 = 0; Count.u64 = 0; Min.u64 = 0; Max.u64 = 0; 
 l1cache.stateEvent_GetXResp_IS : Accumulator : Sum.u64 = 445; SumSQ.u64 = 445; Count.u64 = 445; Min.u64 = 1; Max.u64 = 1; 
 l1cache.stateEvent_GetXResp_IM : Accumulator : Sum.u64 = 60; SumSQ.u64 = 60; Count.u64 = 60; Min.u64 = 1; Max.u64 = 1; 
 l1cache.stateEvent_GetXResp_SM : Accumulator : Sum.u64 = 34; SumSQ.u64 = 34; Count.u64 = 34; Min.u64 = 1; Max.u64 = 1; 
 l1cache.stateEvent_Inv_I : Accumulator : Sum.u64 = 0; SumSQ.u64 = 0; Count.u64 = 0; Min.u64 = 0; Max.u64 = 0; 
 l1cache.stateEvent_Inv_S : Accumulator : Sum.u64 = 0; SumSQ.u64 = 0; Count.u64 = 0; Min.u64 = 0; Max.u64 = 0; 
 l1cache.stateEvent_Inv_IS : Accumulator : Sum.u64 = 0; SumSQ.u64 = 0; Count.u64 = 0; Min.u64 = 0; Max.u64 = 0; 
 l1cache.stateEvent_Inv_IM : Accumulator : Sum.u64 = 0; SumSQ.u64 = 0; Count.u64 = 0; Min.u64 = 0; Max.u64 = 0; 
 l1cache.stateEvent_Inv_SM : Accumulator : Sum.u64 = 0; SumSQ.u64 = 0; Count.u64 = 0; Min.u64 = 0; Max.u64 = 0; 
 l1cache.stateEvent_Inv_SB : Accumulator : Sum.u64 = 0; SumSQ.u64 = 0; Count.u64 = 0; Min.u64 = 0; Max.u64 = 0; 
 l1cache.stateEvent_Inv_IB : Accumulator : Sum.u64 = 0; SumSQ.u64 = 0; Count.u64 = 0; Min.u64 = 0; Max.u64 = 0; 
 l1cache.stateEvent_FetchInvX_I : Accumulator : Sum.u64 = 0; SumSQ.u64 = 0; Count.u64 = 0; Min.u64 = 0; Max.u64 = 0; 
 l1cache.stateEvent_FetchInvX_M : Accumulator : Sum.u64 = 0; SumSQ.u64 = 0; Count.u64 = 0; Min.u64 = 0; Max.u64 = 0; 
 l1cache.stateEvent_FetchInvX_IS : Accumulator : Sum.u64 = 0; SumSQ.u64 = 0; Count.u64 = 0; Min.u64 = 0; Max.u64 = 0; 
 l1cache.stateEvent_FetchInvX_IM : Accumulator : Sum.u64 = 0; SumSQ.u64 = 0; Count.u64 = 0; Min.u64 = 0; Max.u64 = 0; 
 l1cache.stateEvent_FetchInvX_SB : Accumulator : Sum.u64 = 0; SumSQ.u64 = 0; Count.u64 = 0; Min.u64 = 0; Max.u64 = 0; 
 l1cache.stateEvent_FetchInvX_IB : Accumulator : Sum.u64 = 0; SumSQ.u64 = 0; Count.u64 = 0; Min.u64 = 0; Max.u64 = 0; 
 l1cache.stateEvent_Fetch_I : Accumulator : Sum.u64 = 0; SumSQ.u64 = 0; Count.u64 = 0; Min.u64 = 0; Max.u64 = 0; 
 l1cache.stateEvent_Fetch_S : Accumulator : Sum.u64 = 0; SumSQ.u64 = 0; Count.u64 = 0; Min.u64 = 0; Max.u64 = 0; 
 l1cache.stateEvent_Fetch_IS : Accumulator : Sum.u64 = 0; SumSQ.u64 = 0; Count.u64 = 0; Min.u64 = 0; Max.u64 = 0; 
 l1cache.stateEvent_Fetch_IM : Accumulator : Sum.u64 = 0; SumSQ.u64 = 0; Count.u64 = 0; Min.u64 = 0; Max.u64 = 0; 
 l1cache.stateEvent_Fetch_SM : Accumulator : Sum.u64 = 0; SumSQ.u64 = 0; Count.u64 = 0; Min.u64 = 0; Max.u64 = 0; 
 l1cache.stateEvent_Fetch_IB : Accumulator : Sum.u64 = 0; SumSQ.u64 = 0; Count.u64 = 0; Min.u64 = 0; Max.u64 = 0; 
 l1cache.stateEvent_Fetch_SB : Accumulator : Sum.u64 = 0; SumSQ.u64 = 0; Count.u64 = 0; Min.u64 = 0; Max.u64 = 0; 
 l1cache.stateEvent_FetchInv_I : Accumulator : Sum.u64 = 0; SumSQ.u64 = 0; Count.u64 = 0; Min.u64 = 0; Max.u64 = 0; 
 l1cache.stateEvent_FetchInv_S : Accumulator : Sum.u64 = 0; SumSQ.u64 = 0; Count.u64 = 0; Min.u64 = 0; Max.u64 = 0; 
 l1cache.stateEvent_FetchInv_M : Accumulator : Sum.u64 = 0; SumSQ.u64 = 0; Count.u64 = 0; Min.u64 = 0; Max.u64 = 0; 
 l1cache.stateEvent_FetchInv_IS : Accumulator : Sum.u64 = 0; SumSQ.u64 = 0; Count.u64 = 0; Min.u64 = 0; Max.u64 = 0; 
 l1cache.stateEvent_FetchInv_IM : Accumulator : Sum.u64 = 0; SumSQ.u64 = 0; Count.u64 = 0; Min.u64 = 0; Max.u64 = 0; 
 l1cache.stateEvent_FetchInv_SM : Accumulator : Sum.u64 = 0; SumSQ.u64 = 0; Count.u64 = 0; Min.u64 = 0; Max.u64 = 0; 
 l1cache.stateEvent_FetchInv_SB : Accumulator : Sum.u64 = 0; SumSQ.u64 = 0; Count.u64 = 0; Min.u64 = 0; Max.u64 = 0; 
 l1cache.stateEvent_FetchInv_IB : Accumulator : Sum.u64 = 0; SumSQ.u64 = 0; Count.u64 = 0; Min.u64 = 0; Max.u64 = 0; 
 l1cache.stateEvent_ForceInv_I : Accumulator : Sum.u64 = 0; SumSQ.u64 = 0; Count.u64 = 0; Min.u64 = 0; Max.u64 = 0; 
 l1cache.stateEvent_ForceInv_S : Accumulator : Sum.u64 = 0; SumSQ.u64 = 0; Count.u64 = 0; Min.u64 = 0; Max.u64 = 0; 
 l1cache.stateEvent_ForceInv_M : Accumulator : Sum.u64 = 0; SumSQ.u64 = 0; Count.u64 = 0; Min.u64 = 0; Max.u64 = 0; 
 l1cache.stateEvent_ForceInv_IS : Accumulator : Sum.u64 = 0; SumSQ.u64 = 0; Count.u64 = 0; Min.u64 = 0; Max.u64 = 0; 
 l1cache.stateEvent_ForceInv_IM : Accumulator : Sum.u64 = 0; SumSQ.u64 = 0; Count.u64 = 0; Min.u64 = 0; Max.u64 = 0; 
 l1cache.stateEvent_ForceInv_SM : Accumulator : Sum.u64 = 0; SumSQ.u64 = 0; Count.u64 = 0; Min.u64 = 0; Max.u64 = 0; 
 l1cache.stateEvent_ForceInv_SB : Accumulator : Sum.u64 = 0; SumSQ.u64 = 0; Count.u64 = 0; Min.u64 = 0; Max.u64 = 0; 
 l1cache.stateEvent_ForceInv_IB : Accumulator : Sum.u64 = 0; SumSQ.u64 = 0; Count.u64 = 0; Min.u64 = 0; Max.u64 = 0; 
 l1cache.stateEvent_FlushLine_I : Accumulator : Sum.u64 = 0; SumSQ.u64 = 0; Count.u64 = 0; Min.u64 = 0; Max.u64 = 0; 
 l1cache.stateEvent_FlushLine_S : Accumulator : Sum.u64 = 0; SumSQ.u64 = 0; Count.u64 = 0; Min.u64 = 0; Max.u64 = 0; 
 l1cache.stateEvent_FlushLine_M : Accumulator : Sum.u64 = 0; SumSQ.u64 = 0; Count.u64 = 0; Min.u64 = 0; Max.u64 = 0; 
 l1cache.stateEvent_FlushLineInv_I : Accumulator : Sum.u64 = 0; SumSQ.u64 = 0; Count.u64 = 0; Min.u64 = 0; Max.u64 = 0; 
 l1cache.stateEvent_FlushLineInv_S : Accumulator : Sum.u64 = 0; SumSQ.u64 = 0; Count.u64 = 0; Min.u64 = 0; Max.u64 = 0; 
 l1cache.stateEvent_FlushLineInv_M : Accumulator : Sum.u64 = 0; SumSQ.u64 = 0; Count.u64 = 0; Min.u64 = 0; Max.u64 = 0; 
 l1cache.stateEvent_FlushLineResp_I : Accumulator : Sum.u64 = 0; SumSQ.u64 = 0; Count.u64 = 0; Min.u64 = 0; Max.u64 = 0; 
 l1cache.stateEvent_FlushLineResp_IB : Accumulator : Sum.u64 = 0; SumSQ.u64 = 0; Count.u64 = 0; Min.u64 = 0; Max.u64 = 0; 
 l1cache.stateEvent_FlushLineResp_SB : Accumulator : Sum.u64 = 0; SumSQ.u64 = 0; Count.u64 = 0; Min.u64 = 0; Max.u64 = 0; 
 l1cache.eventSent_GetS : Accumulator : Sum.u64 = 445; SumSQ.u64 = 445; Count.u64 = 445; Min.u64 = 1; Max.u64 = 1; 
 l1cache.eventSent_GetX : Accumulator : Sum.u64 = 94; SumSQ.u64 = 94; Count.u64 = 94; Min.u64 = 1; Max.u64 = 1; 
 l1cache.eventSent_GetSX : Accumulator : Sum.u64 = 0; SumSQ.u64 = 0; Count.u64 = 0; Min.u64 = 0; Max.u64 = 0; 
 l1cache.eventSent_PutM : Accumulator : Sum.u64 = 87; SumSQ.u64 = 87; Count.u64 = 87; Min.u64 = 1; Max.u64 = 1; 
 l1cache.eventSent_NACK : Accumulator : Sum.u64 = 0; SumSQ.u64 = 0; Count.u64 = 0; Min.u64 = 0; Max.u64 = 0; 
 l1cache.eventSent_FlushLine : Accumulator : Sum.u64 = 0; SumSQ.u64 = 0; Count.u64 = 0; Min.u64 = 0; Max.u64 = 0; 
 l1cache.eventSent_FlushLineInv : Accumulator : Sum.u64 = 0; SumSQ.u64 = 0; Count.u64 = 0; Min.u64 = 0; Max.u64 = 0; 
 l1cache.eventSent_FetchResp : Accumulator : Sum.u64 = 0; SumSQ.u64 = 0; Count.u64 = 0; Min.u64 = 0; Max.u64 = 0; 
 l1cache.eventSent_FetchXResp : Accumulator : Sum.u64 = 0; SumSQ.u64 = 0; Count.u64 = 0; Min.u64 = 0; Max.u64 = 0; 
 l1cache.eventSent_AckInv : Accumulator : Sum.u64 = 0; SumSQ.u64 = 0; Count.u64 = 0; Min.u64 = 0; Max.u64 = 0; 
 l1cache.eventSent_GetSResp : Accumulator : Sum.u64 = 900; SumSQ.u64 = 900; Count.u64 = 900; Min.u64 = 1; Max.u64 = 1; 
 l1cache.eventSent_GetXResp : Accumulator : Sum.u64 = 100; SumSQ.u64 = 100; Count.u64 = 100; Min.u64 = 1; Max.u64 = 1; 
 l1cache.eventSent_FlushLineResp : Accumulator : Sum.u64 = 0; SumSQ.u64 = 0; Count.u64 = 0; Min.u64 = 0; Max.u64 = 0; 
 l1cache.eventSent_Put : Accumulator : Sum.u64 = 0; SumSQ.u64 = 0; Count.u64 = 0; Min.u64 = 0; Max.u64 = 0; 
 l1cache.eventSent_Get : Accumulator : Sum.u64 = 0; SumSQ.u64 = 0; Count.u64 = 0; Min.u64 = 0; Max.u64 = 0; 
 l1cache.eventSent_AckMove : Accumulator : Sum.u64 = 0; SumSQ.u64 = 0; Count.u64 = 0; Min.u64 = 0; Max.u64 = 0; 
 l1cache.eventSent_CustomReq : Accumulator : Sum.u64 = 0; SumSQ.u64 = 0; Count.u64 = 0; Min.u64 = 0; Max.u64 = 0; 
 l1cache.eventSent_CustomResp : Accumulator : Sum.u64 = 0; SumSQ.u64 = 0; Count.u64 = 0; Min.u64 = 0; Max.u64 = 0; 
 l1cache.eventSent_CustomAck : Accumulator : Sum.u64 = 0; SumSQ.u64 = 0; Count.u64 = 0; Min.u64 = 0; Max.u64 = 0; 
 l1cache.EventStalledForLockedCacheline : Accumulator : Sum.u64 = 0; SumSQ.u64 = 0; Count.u64 = 0; Min.u64 = 0; Max.u64 = 0; 
 l1cache.evict_I : Accumulator : Sum.u64 = 34; SumSQ.u64 = 34; Count.u64 = 34; Min.u64 = 1; Max.u64 = 1; 
 l1cache.evict_S : Accumulator : Sum.u64 = 386; SumSQ.u64 = 386; Count.u64 = 386; Min.u64 = 1; Max.u64 = 1; 
 l1cache.evict_M : Accumulator : Sum.u64 = 87; SumSQ.u64 = 87; Count.u64 = 87; Min.u64 = 1; Max.u64 = 1; 
 l1cache.evict_IS : Accumulator : Sum.u64 = 0; SumSQ.u64 = 0; Count.u64 = 0; Min.u64 = 0; Max.u64 = 0; 
 l1cache.evict_IM : Accumulator : Sum.u64 = 2; SumSQ.u64 = 2; Count.u64 = 2; Min.u64 = 1; Max.u64 = 1; 
 l1cache.evict_SM : Accumulator : Sum.u64 = 1; SumSQ.u64 = 1; Count.u64 = 1; Min.u64 = 1; Max.u64 = 1; 
 l1cache.evict_SB : Accumulator : Sum.u64 = 0; SumSQ.u64 = 0; Count.u64 = 0; Min.u64 = 0; Max.u64 = 0; 
 l1cache.latency_GetS_hit : Accumulator : Sum.u64 = 82147; SumSQ.u64 = 109794545; Count.u64 = 455; Min.u64 = 5; Max.u64 = 2904; 
 l1cache.latency_GetS_miss : Accumulator : Sum.u64 = 896839; SumSQ.u64 = 1809074949; Count.u64 = 445; Min.u64 = 2011; Max.u64 = 2943; 
 l1cache.latency_GetX_hit : Accumulator : Sum.u64 = 30; SumSQ.u64 = 150; Count.u64 = 6; Min.u64 = 5; Max.u64 = 5; 
 l1cache.latency_GetX_miss : Accumulator : Sum.u64 = 121204; SumSQ.u64 = 245105676; Count.u64 = 60; Min.u64 = 2011; Max.u64 = 2531; 
 l1cache.latency_GetX_upgrade : Accumulator : Sum.u64 = 75760; SumSQ.u64 = 177683170; Count.u64 = 34; Min.u64 = 2011; Max.u64 = 3995; 
 l1cache.latency_GetSX_hit : Accumulator : Sum.u64 = 0; SumSQ.u64 = 0; Count.u64 = 0; Min.u64 = 0; Max.u64 = 0; 
 l1cache.latency_GetSX_miss : Accumulator : Sum.u64 = 0; SumSQ.u64 = 0; Count.u64 = 0; Min.u64 = 0; Max.u64 = 0; 
 l1cache.latency_GetSX_upgrade : Accumulator : Sum.u64 = 0; SumSQ.u64 = 0; Count.u64 = 0; Min.u64 = 0; Max.u64 = 0; 
 l1cache.latency_FlushLine : Accumulator : Sum.u64 = 0; SumSQ.u64 = 0; Count.u64 = 0; Min.u64 = 0; Max.u64 = 0; 
 l1cache.latency_FlushLine_fail : Accumulator : Sum.u64 = 0; SumSQ.u64 = 0; Count.u64 = 0; Min.u64 = 0; Max.u64 = 0; 
 l1cache.latency_FlushLineInv : Accumulator : Sum.u64 = 0; SumSQ.u64 = 0; Count.u64 = 0; Min.u64 = 0; Max.u64 = 0; 
 l1cache.latency_FlushLineInv_fail : Accumulator : Sum.u64 = 0; SumSQ.u64 = 0; Count.u64 = 0; Min.u64 = 0; Max.u64 = 0; 
 l1cache.GetSHit_Arrival : Accumulator : Sum.u64 = 381; SumSQ.u64 = 381; Count.u64 = 381; Min.u64 = 1; Max.u64 = 1; 
 l1cache.GetXHit_Arrival : Accumulator : Sum.u64 = 6; SumSQ.u64 = 6; Count.u64 = 6; Min.u64 = 1; Max.u64 = 1; 
 l1cache.GetSXHit_Arrival : Accumulator : Sum.u64 = 0; SumSQ.u64 = 0; Count.u64 = 0; Min.u64 = 0; Max.u64 = 0; 
 l1cache.GetSHit_Blocked : Accumulator : Sum.u64 = 74; SumSQ.u64 = 74; Count.u64 = 74; Min.u64 = 1; Max.u64 = 1; 
 l1cache.GetXHit_Blocked : Accumulator : Sum.u64 = 0; SumSQ.u64 = 0; Count.u64 = 0; Min.u64 = 0; Max.u64 = 0; 
 l1cache.GetSXHit_Blocked : Accumulator : Sum.u64 = 0; SumSQ.u64 = 0; Count.u64 = 0; Min.u64 = 0; Max.u64 = 0; 
 l1cache.GetSMiss_Arrival : Accumulator : Sum.u64 = 443; SumSQ.u64 = 443; Count.u64 = 443; Min.u64 = 1; Max.u64 = 1; 
 l1cache.GetXMiss_Arrival : Accumulator : Sum.u64 = 86; SumSQ.u64 = 86; Count.u64 = 86; Min.u64 = 1; Max.u64 = 1; 
 l1cache.GetSXMiss_Arrival : Accumulator : Sum.u64 = 0; SumSQ.u64 = 0; Count.u64 = 0; Min.u64 = 0; Max.u64 = 0; 
 l1cache.GetSMiss_Blocked : Accumulator : Sum.u64 = 2; SumSQ.u64 = 2; Count.u64 = 2; Min.u64 = 1; Max.u64 = 1; 
 l1cache.GetXMiss_Blocked : Accumulator : Sum.u64 = 8; SumSQ.u64 = 8; Count.u64 = 8; Min.u64 = 1; Max.u64 = 1; 
 l1cache.GetSXMiss_Blocked : Accumulator : Sum.u64 = 0; SumSQ.u64 = 0; Count.u64 = 0; Min.u64 = 0; Max.u64 = 0; 
 l1cache.stateEvent_AckPut_I : Accumulator : Sum.u64 = 0; SumSQ.u64 = 0; Count.u64 = 0; Min.u64 = 0; Max.u64 = 0; 
 l1cache.eventSent_PutS : Accumulator : Sum.u64 = 0; SumSQ.u64 = 0; Count.u64 = 0; Min.u64 = 0; Max.u64 = 0; 
 l1cache.eventSent_PutE : Accumulator : Sum.u64 = 0; SumSQ.u64 = 0; Count.u64 = 0; Min.u64 = 0; Max.u64 = 0; 
 l1cache.TotalEventsReceived : Accumulator : Sum.u64 = 1539; SumSQ.u64 = 1539; Count.u64 = 1539; Min.u64 = 1; Max.u64 = 1; 
 l1cache.TotalEventsReplayed : Accumulator : Sum.u64 = 87; SumSQ.u64 = 87; Count.u64 = 87; Min.u64 = 1; Max.u64 = 1; 
 l1cache.Put_uncache_recv : Accumulator : Sum.u64 = 0; SumSQ.u64 = 0; Count.u64 = 0; Min.u64 = 0; Max.u64 = 0; 
 l1cache.Get_uncache_recv : Accumulator : Sum.u64 = 0; SumSQ.u64 = 0; Count.u64 = 0; Min.u64 = 0; Max.u64 = 0; 
 l1cache.AckMove_uncache_recv : Accumulator : Sum.u64 = 0; SumSQ.u64 = 0; Count.u64 = 0; Min.u64 = 0; Max.u64 = 0; 
 l1cache.GetS_uncache_recv : Accumulator : Sum.u64 = 0; SumSQ.u64 = 0; Count.u64 = 0; Min.u64 = 0; Max.u64 = 0; 
 l1cache.GetX_uncache_recv : Accumulator : Sum.u64 = 0; SumSQ.u64 = 0; Count.u64 = 0; Min.u64 = 0; Max.u64 = 0; 
 l1cache.GetSX_uncache_recv : Accumulator : Sum.u64 = 0; SumSQ.u64 = 0; Count.u64 = 0; Min.u64 = 0; Max.u64 = 0; 
 l1cache.GetSResp_uncache_recv : Accumulator : Sum.u64 = 0; SumSQ.u64 = 0; Count.u64 = 0; Min.u64 = 0; Max.u64 = 0; 
 l1cache.GetXResp_uncache_recv : Accumulator : Sum.u64 = 0; SumSQ.u64 = 0; Count.u64 = 0; Min.u64 = 0; Max.u64 = 0; 
 l1cache.CustomReq_uncache_recv : Accumulator : Sum.u64 = 0; SumSQ.u64 = 0; Count.u64 = 0; Min.u64 = 0; Max.u64 = 0; 
 l1cache.CustomResp_uncache_recv : Accumulator : Sum.u64 = 0; SumSQ.u64 = 0; Count.u64 = 0; Min.u64 = 0; Max.u64 = 0; 
 l1cache.CustomAck_uncache_recv : Accumulator : Sum.u64 = 0; SumSQ.u64 = 0; Count.u64 = 0; Min.u64 = 0; Max.u64 = 0; 
 l1cache.NULLCMD_recv : Accumulator : Sum.u64 = 3; SumSQ.u64 = 3; Count.u64 = 3; Min.u64 = 1; Max.u64 = 1; 
 l1cache.GetS_recv : Accumulator : Sum.u64 = 976; SumSQ.u64 = 976; Count.u64 = 976; Min.u64 = 1; Max.u64 = 1; 
 l1cache.GetX_recv : Accumulator : Sum.u64 = 108; SumSQ.u64 = 108; Count.u64 = 108; Min.u64 = 1; Max.u64 = 1; 
 l1cache.GetSX_recv : Accumulator : Sum.u64 = 0; SumSQ.u64 = 0; Count.u64 = 0; Min.u64 = 0; Max.u64 = 0; 
 l1cache.FlushLine_recv : Accumulator : Sum.u64 = 0; SumSQ.u64 = 0; Count.u64 = 0; Min.u64 = 0; Max.u64 = 0; 
 l1cache.FlushLineInv_recv : Accumulator : Sum.u64 = 0; SumSQ.u64 = 0; Count.u64 = 0; Min.u64 = 0; Max.u64 = 0; 
 l1cache.GetSResp_recv : Accumulator : Sum.u64 = 0; SumSQ.u64 = 0; Count.u64 = 0; Min.u64 = 0; Max.u64 = 0; 
 l1cache.GetXResp_recv : Accumulator : Sum.u64 = 539; SumSQ.u64 = 539; Count.u64 = 539; Min.u64 = 1; Max.u64 = 1; 
 l1cache.FlushLineResp_recv : Accumulator : Sum.u64 = 0; SumSQ.u64 = 0; Count.u64 = 0; Min.u64 = 0; Max.u64 = 0; 
 l1cache.Inv_recv : Accumulator : Sum.u64 = 0; SumSQ.u64 = 0; Count.u64 = 0; Min.u64 = 0; Max.u64 = 0; 
 l1cache.ForceInv_recv : Accumulator : Sum.u64 = 0; SumSQ.u64 = 0; Count.u64 = 0; Min.u64 = 0; Max.u64 = 0; 
 l1cache.Fetch_recv : Accumulator : Sum.u64 = 0; SumSQ.u64 = 0; Count.u64 = 0; Min.u64 = 0; Max.u64 = 0; 
 l1cache.FetchInv_recv : Accumulator : Sum.u64 = 0; SumSQ.u64 = 0; Count.u64 = 0; Min.u64 = 0; Max.u64 = 0; 
 l1cache.FetchInvX_recv : Accumulator : Sum.u64 = 0; SumSQ.u64 = 0; Count.u64 = 0; Min.u64 = 0; Max.u64 = 0; 
 l1cache.NACK_recv : Accumulator : Sum.u64 = 0; SumSQ.u64 = 0; Count.u64 = 0; Min.u64 = 0; Max.u64 = 0; 
 l1cache.AckPut_recv : Accumulator : Sum.u64 = 0; SumSQ.u64 = 0; Count.u64 = 0; Min.u64 = 0; Max.u64 = 0; 
 l1cache.MSHR_occupancy : Accumulator : Sum.u64 = 1170824; SumSQ.u64 = 7326920; Count.u64 = 219824; Min.u64 = 0; Max.u64 = 10; 
 l1cache.Bank_conflicts : Accumulator : Sum.u64 = 0; SumSQ.u64 = 0; Count.u64 = 0; Min.u64 = 0; Max.u64 = 0; 
 memory.requests_received_GetS : Accumulator : Sum.u64 = 445; SumSQ.u64 = 445; Count.u64 = 445; Min.u64 = 1; Max.u64 = 1; 
 memory.requests_received_GetSX : Accumulator : Sum.u64 = 0; SumSQ.u64 = 0; Count.u64 = 0; Min.u64 = 0; Max.u64 = 0; 
 memory.requests_received_GetX : Accumulator : Sum.u64 = 94; SumSQ.u64 = 94; Count.u64 = 94; Min.u64 = 1; Max.u64 = 1; 
 memory.requests_received_PutM : Accumulator : Sum.u64 = 87; SumSQ.u64 = 87; Count.u64 = 87; Min.u64 = 1; Max.u64 = 1; 
 memory.outstanding_requests : Accumulator : Sum.u64 = 626711; SumSQ.u64 = 4241325; Count.u64 = 109912; Min.u64 = 0; Max.u64 = 14; 
 memory.latency_GetS : Accumulator : Sum.u64 = 445517; SumSQ.u64 = 446034661; Count.u64 = 445; Min.u64 = 1001; Max.u64 = 1002; 
 memory.latency_GetSX : Accumulator : Sum.u64 = 0; SumSQ.u64 = 0; Count.u64 = 0; Min.u64 = 0; Max.u64 = 0; 
 memory.latency_GetX : Accumulator : Sum.u64 = 94107; SumSQ.u64 = 94214133; Count.u64 = 94; Min.u64 = 1001; Max.u64 = 1002; 
 memory.latency_PutM : Accumulator : Sum.u64 = 87087; SumSQ.u64 = 87174087; Count.u64 = 87; Min.u64 = 1001; Max.u64 = 1001; 
 memory.cycles_with_issue : Accumulator : Sum.u64 = 626; SumSQ.u64 = 626; Count.u64 = 626; Min.u64 = 1; Max.u64 = 1; 
 memory.cycles_attempted_issue_but_rejected : Accumulator : Sum.u64 = 0; SumSQ.u64 = 0; Count.u64 = 0; Min.u64 = 0; Max.u64 = 0; 
 memory.total_cycles : Accumulator : Sum.u64 = 109912; SumSQ.u64 = 12080647744; Count.u64 = 1; Min.u64 = 109912; Max.u64 = 109912; 
Simulation is complete, simulated time: 109.912 us
