0:cpu:RequestGenCPU[RequestGenCPU:42]: Configured CPU to allow 16 maximum Load requests to be memory to be outstanding.
0:cpu:RequestGenCPU[RequestGenCPU:44]: Configured CPU to allow 16 maximum Store requests to be memory to be outstanding.
0:cpu:RequestGenCPU[RequestGenCPU:46]: Configured CPU to allow 16 maximum Custom requests to be memory to be outstanding.
0:cpu:RequestGenCPU[RequestGenCPU:53]: CPU clock configured for 2GHz
0:cpu:RequestGenCPU[RequestGenCPU:58]: Memory interface to be loaded is: memHierarchy.memInterface
0:cpu:RequestGenCPU[RequestGenCPU:71]: Loaded memory interface successfully.
0:cpu:RequestGenCPU[RequestGenCPU:105]: Generator loaded successfully.
0:cpu:RequestGenCPU[RequestGenCPU:161]: Miranda CPU Configuration:
0:cpu:RequestGenCPU[RequestGenCPU:162]: - Max requests per cycle:         2
0:cpu:RequestGenCPU[RequestGenCPU:163]: - Max reorder lookups             16
0:cpu:RequestGenCPU[RequestGenCPU:164]: - Clock:                          2GHz
0:cpu:RequestGenCPU[RequestGenCPU:165]: - Cache line size:                64 bytes
0:cpu:RequestGenCPU[RequestGenCPU:166]: - Max Load requests pending:      16
0:cpu:RequestGenCPU[RequestGenCPU:167]: - Max Store requests pending:     16
0:cpu:RequestGenCPU[RequestGenCPU:168]: - Max Custom requests pending:     16
0:cpu:RequestGenCPU[RequestGenCPU:169]: Configuration completed.
The value of tRCD is 300
After initialization 
 cpu.read_reqs : Accumulator : Sum.u64 = 108864; SumSQ.u64 = 108864; Count.u64 = 108864; Min.u64 = 1; Max.u64 = 1; 
 cpu.write_reqs : Accumulator : Sum.u64 = 4032; SumSQ.u64 = 4032; Count.u64 = 4032; Min.u64 = 1; Max.u64 = 1; 
 cpu.custom_reqs : Accumulator : Sum.u64 = 0; SumSQ.u64 = 0; Count.u64 = 0; Min.u64 = 0; Max.u64 = 0; 
 cpu.split_read_reqs : Accumulator : Sum.u64 = 0; SumSQ.u64 = 0; Count.u64 = 0; Min.u64 = 0; Max.u64 = 0; 
 cpu.split_write_reqs : Accumulator : Sum.u64 = 0; SumSQ.u64 = 0; Count.u64 = 0; Min.u64 = 0; Max.u64 = 0; 
 cpu.split_custom_reqs : Accumulator : Sum.u64 = 0; SumSQ.u64 = 0; Count.u64 = 0; Min.u64 = 0; Max.u64 = 0; 
 cpu.cycles_with_issue : Accumulator : Sum.u64 = 77256; SumSQ.u64 = 77256; Count.u64 = 77256; Min.u64 = 1; Max.u64 = 1; 
 cpu.cycles_no_issue : Accumulator : Sum.u64 = 243987; SumSQ.u64 = 243987; Count.u64 = 243987; Min.u64 = 1; Max.u64 = 1; 
 cpu.total_bytes_read : Accumulator : Sum.u64 = 870912; SumSQ.u64 = 6967296; Count.u64 = 108864; Min.u64 = 8; Max.u64 = 8; 
 cpu.total_bytes_write : Accumulator : Sum.u64 = 32256; SumSQ.u64 = 258048; Count.u64 = 4032; Min.u64 = 8; Max.u64 = 8; 
 cpu.total_bytes_custom : Accumulator : Sum.u64 = 0; SumSQ.u64 = 0; Count.u64 = 0; Min.u64 = 0; Max.u64 = 0; 
 cpu.req_latency : Accumulator : Sum.u64 = 2679453; SumSQ.u64 = 1566451383; Count.u64 = 112896; Min.u64 = 3; Max.u64 = 1998; 
 cpu.time : Accumulator : Sum.u64 = 160622; SumSQ.u64 = 25799426884; Count.u64 = 1; Min.u64 = 160622; Max.u64 = 160622; 
 cpu.cycles_hit_fence : Accumulator : Sum.u64 = 0; SumSQ.u64 = 0; Count.u64 = 0; Min.u64 = 0; Max.u64 = 0; 
 cpu.cycles_max_issue : Accumulator : Sum.u64 = 35640; SumSQ.u64 = 35640; Count.u64 = 35640; Min.u64 = 1; Max.u64 = 1; 
 cpu.cycles_max_reorder : Accumulator : Sum.u64 = 0; SumSQ.u64 = 0; Count.u64 = 0; Min.u64 = 0; Max.u64 = 0; 
 cpu.cycles : Accumulator : Sum.u64 = 321244; SumSQ.u64 = 321244; Count.u64 = 321244; Min.u64 = 1; Max.u64 = 1; 
 l1cache.prefetch_opportunities : Accumulator : Sum.u64 = 28224; SumSQ.u64 = 28224; Count.u64 = 28224; Min.u64 = 1; Max.u64 = 1; 
 l1cache.prefetches_issued : Accumulator : Sum.u64 = 5344; SumSQ.u64 = 5344; Count.u64 = 5344; Min.u64 = 1; Max.u64 = 1; 
 l1cache.prefetches_canceled_by_page_boundary : Accumulator : Sum.u64 = 464; SumSQ.u64 = 464; Count.u64 = 464; Min.u64 = 1; Max.u64 = 1; 
 l1cache.prefetches_canceled_by_history : Accumulator : Sum.u64 = 22880; SumSQ.u64 = 22880; Count.u64 = 22880; Min.u64 = 1; Max.u64 = 1; 
 l1cache.Prefetch_requests : Accumulator : Sum.u64 = 5344; SumSQ.u64 = 5344; Count.u64 = 5344; Min.u64 = 1; Max.u64 = 1; 
 l1cache.Prefetch_drops : Accumulator : Sum.u64 = 1; SumSQ.u64 = 1; Count.u64 = 1; Min.u64 = 1; Max.u64 = 1; 
 l1cache.stateEvent_GetS_I : Accumulator : Sum.u64 = 1065; SumSQ.u64 = 1065; Count.u64 = 1065; Min.u64 = 1; Max.u64 = 1; 
 l1cache.stateEvent_GetS_S : Accumulator : Sum.u64 = 0; SumSQ.u64 = 0; Count.u64 = 0; Min.u64 = 0; Max.u64 = 0; 
 l1cache.stateEvent_GetS_M : Accumulator : Sum.u64 = 200; SumSQ.u64 = 200; Count.u64 = 200; Min.u64 = 1; Max.u64 = 1; 
 l1cache.stateEvent_GetX_I : Accumulator : Sum.u64 = 240; SumSQ.u64 = 240; Count.u64 = 240; Min.u64 = 1; Max.u64 = 1; 
 l1cache.stateEvent_GetX_S : Accumulator : Sum.u64 = 0; SumSQ.u64 = 0; Count.u64 = 0; Min.u64 = 0; Max.u64 = 0; 
 l1cache.stateEvent_GetX_M : Accumulator : Sum.u64 = 3480; SumSQ.u64 = 3480; Count.u64 = 3480; Min.u64 = 1; Max.u64 = 1; 
 l1cache.stateEvent_GetSX_I : Accumulator : Sum.u64 = 0; SumSQ.u64 = 0; Count.u64 = 0; Min.u64 = 0; Max.u64 = 0; 
 l1cache.stateEvent_GetSX_S : Accumulator : Sum.u64 = 0; SumSQ.u64 = 0; Count.u64 = 0; Min.u64 = 0; Max.u64 = 0; 
 l1cache.stateEvent_GetSX_M : Accumulator : Sum.u64 = 0; SumSQ.u64 = 0; Count.u64 = 0; Min.u64 = 0; Max.u64 = 0; 
 l1cache.stateEvent_GetSResp_IS : Accumulator : Sum.u64 = 0; SumSQ.u64 = 0; Count.u64 = 0; Min.u64 = 0; Max.u64 = 0; 
 l1cache.stateEvent_GetXResp_IS : Accumulator : Sum.u64 = 1063; SumSQ.u64 = 1063; Count.u64 = 1063; Min.u64 = 1; Max.u64 = 1; 
 l1cache.stateEvent_GetXResp_IM : Accumulator : Sum.u64 = 240; SumSQ.u64 = 240; Count.u64 = 240; Min.u64 = 1; Max.u64 = 1; 
 l1cache.stateEvent_GetXResp_SM : Accumulator : Sum.u64 = 0; SumSQ.u64 = 0; Count.u64 = 0; Min.u64 = 0; Max.u64 = 0; 
 l1cache.stateEvent_Inv_I : Accumulator : Sum.u64 = 0; SumSQ.u64 = 0; Count.u64 = 0; Min.u64 = 0; Max.u64 = 0; 
 l1cache.stateEvent_Inv_S : Accumulator : Sum.u64 = 0; SumSQ.u64 = 0; Count.u64 = 0; Min.u64 = 0; Max.u64 = 0; 
 l1cache.stateEvent_Inv_IS : Accumulator : Sum.u64 = 0; SumSQ.u64 = 0; Count.u64 = 0; Min.u64 = 0; Max.u64 = 0; 
 l1cache.stateEvent_Inv_IM : Accumulator : Sum.u64 = 0; SumSQ.u64 = 0; Count.u64 = 0; Min.u64 = 0; Max.u64 = 0; 
 l1cache.stateEvent_Inv_SM : Accumulator : Sum.u64 = 0; SumSQ.u64 = 0; Count.u64 = 0; Min.u64 = 0; Max.u64 = 0; 
 l1cache.stateEvent_Inv_SB : Accumulator : Sum.u64 = 0; SumSQ.u64 = 0; Count.u64 = 0; Min.u64 = 0; Max.u64 = 0; 
 l1cache.stateEvent_Inv_IB : Accumulator : Sum.u64 = 0; SumSQ.u64 = 0; Count.u64 = 0; Min.u64 = 0; Max.u64 = 0; 
 l1cache.stateEvent_FetchInvX_I : Accumulator : Sum.u64 = 0; SumSQ.u64 = 0; Count.u64 = 0; Min.u64 = 0; Max.u64 = 0; 
 l1cache.stateEvent_FetchInvX_M : Accumulator : Sum.u64 = 0; SumSQ.u64 = 0; Count.u64 = 0; Min.u64 = 0; Max.u64 = 0; 
 l1cache.stateEvent_FetchInvX_IS : Accumulator : Sum.u64 = 0; SumSQ.u64 = 0; Count.u64 = 0; Min.u64 = 0; Max.u64 = 0; 
 l1cache.stateEvent_FetchInvX_IM : Accumulator : Sum.u64 = 0; SumSQ.u64 = 0; Count.u64 = 0; Min.u64 = 0; Max.u64 = 0; 
 l1cache.stateEvent_FetchInvX_SB : Accumulator : Sum.u64 = 0; SumSQ.u64 = 0; Count.u64 = 0; Min.u64 = 0; Max.u64 = 0; 
 l1cache.stateEvent_FetchInvX_IB : Accumulator : Sum.u64 = 0; SumSQ.u64 = 0; Count.u64 = 0; Min.u64 = 0; Max.u64 = 0; 
 l1cache.stateEvent_Fetch_I : Accumulator : Sum.u64 = 0; SumSQ.u64 = 0; Count.u64 = 0; Min.u64 = 0; Max.u64 = 0; 
 l1cache.stateEvent_Fetch_S : Accumulator : Sum.u64 = 0; SumSQ.u64 = 0; Count.u64 = 0; Min.u64 = 0; Max.u64 = 0; 
 l1cache.stateEvent_Fetch_IS : Accumulator : Sum.u64 = 0; SumSQ.u64 = 0; Count.u64 = 0; Min.u64 = 0; Max.u64 = 0; 
 l1cache.stateEvent_Fetch_IM : Accumulator : Sum.u64 = 0; SumSQ.u64 = 0; Count.u64 = 0; Min.u64 = 0; Max.u64 = 0; 
 l1cache.stateEvent_Fetch_SM : Accumulator : Sum.u64 = 0; SumSQ.u64 = 0; Count.u64 = 0; Min.u64 = 0; Max.u64 = 0; 
 l1cache.stateEvent_Fetch_IB : Accumulator : Sum.u64 = 0; SumSQ.u64 = 0; Count.u64 = 0; Min.u64 = 0; Max.u64 = 0; 
 l1cache.stateEvent_Fetch_SB : Accumulator : Sum.u64 = 0; SumSQ.u64 = 0; Count.u64 = 0; Min.u64 = 0; Max.u64 = 0; 
 l1cache.stateEvent_FetchInv_I : Accumulator : Sum.u64 = 0; SumSQ.u64 = 0; Count.u64 = 0; Min.u64 = 0; Max.u64 = 0; 
 l1cache.stateEvent_FetchInv_S : Accumulator : Sum.u64 = 0; SumSQ.u64 = 0; Count.u64 = 0; Min.u64 = 0; Max.u64 = 0; 
 l1cache.stateEvent_FetchInv_M : Accumulator : Sum.u64 = 0; SumSQ.u64 = 0; Count.u64 = 0; Min.u64 = 0; Max.u64 = 0; 
 l1cache.stateEvent_FetchInv_IS : Accumulator : Sum.u64 = 0; SumSQ.u64 = 0; Count.u64 = 0; Min.u64 = 0; Max.u64 = 0; 
 l1cache.stateEvent_FetchInv_IM : Accumulator : Sum.u64 = 0; SumSQ.u64 = 0; Count.u64 = 0; Min.u64 = 0; Max.u64 = 0; 
 l1cache.stateEvent_FetchInv_SM : Accumulator : Sum.u64 = 0; SumSQ.u64 = 0; Count.u64 = 0; Min.u64 = 0; Max.u64 = 0; 
 l1cache.stateEvent_FetchInv_SB : Accumulator : Sum.u64 = 0; SumSQ.u64 = 0; Count.u64 = 0; Min.u64 = 0; Max.u64 = 0; 
 l1cache.stateEvent_FetchInv_IB : Accumulator : Sum.u64 = 0; SumSQ.u64 = 0; Count.u64 = 0; Min.u64 = 0; Max.u64 = 0; 
 l1cache.stateEvent_ForceInv_I : Accumulator : Sum.u64 = 0; SumSQ.u64 = 0; Count.u64 = 0; Min.u64 = 0; Max.u64 = 0; 
 l1cache.stateEvent_ForceInv_S : Accumulator : Sum.u64 = 0; SumSQ.u64 = 0; Count.u64 = 0; Min.u64 = 0; Max.u64 = 0; 
 l1cache.stateEvent_ForceInv_M : Accumulator : Sum.u64 = 0; SumSQ.u64 = 0; Count.u64 = 0; Min.u64 = 0; Max.u64 = 0; 
 l1cache.stateEvent_ForceInv_IS : Accumulator : Sum.u64 = 0; SumSQ.u64 = 0; Count.u64 = 0; Min.u64 = 0; Max.u64 = 0; 
 l1cache.stateEvent_ForceInv_IM : Accumulator : Sum.u64 = 0; SumSQ.u64 = 0; Count.u64 = 0; Min.u64 = 0; Max.u64 = 0; 
 l1cache.stateEvent_ForceInv_SM : Accumulator : Sum.u64 = 0; SumSQ.u64 = 0; Count.u64 = 0; Min.u64 = 0; Max.u64 = 0; 
 l1cache.stateEvent_ForceInv_SB : Accumulator : Sum.u64 = 0; SumSQ.u64 = 0; Count.u64 = 0; Min.u64 = 0; Max.u64 = 0; 
 l1cache.stateEvent_ForceInv_IB : Accumulator : Sum.u64 = 0; SumSQ.u64 = 0; Count.u64 = 0; Min.u64 = 0; Max.u64 = 0; 
 l1cache.stateEvent_FlushLine_I : Accumulator : Sum.u64 = 0; SumSQ.u64 = 0; Count.u64 = 0; Min.u64 = 0; Max.u64 = 0; 
 l1cache.stateEvent_FlushLine_S : Accumulator : Sum.u64 = 0; SumSQ.u64 = 0; Count.u64 = 0; Min.u64 = 0; Max.u64 = 0; 
 l1cache.stateEvent_FlushLine_M : Accumulator : Sum.u64 = 0; SumSQ.u64 = 0; Count.u64 = 0; Min.u64 = 0; Max.u64 = 0; 
 l1cache.stateEvent_FlushLineInv_I : Accumulator : Sum.u64 = 0; SumSQ.u64 = 0; Count.u64 = 0; Min.u64 = 0; Max.u64 = 0; 
 l1cache.stateEvent_FlushLineInv_S : Accumulator : Sum.u64 = 0; SumSQ.u64 = 0; Count.u64 = 0; Min.u64 = 0; Max.u64 = 0; 
 l1cache.stateEvent_FlushLineInv_M : Accumulator : Sum.u64 = 0; SumSQ.u64 = 0; Count.u64 = 0; Min.u64 = 0; Max.u64 = 0; 
 l1cache.stateEvent_FlushLineResp_I : Accumulator : Sum.u64 = 0; SumSQ.u64 = 0; Count.u64 = 0; Min.u64 = 0; Max.u64 = 0; 
 l1cache.stateEvent_FlushLineResp_IB : Accumulator : Sum.u64 = 0; SumSQ.u64 = 0; Count.u64 = 0; Min.u64 = 0; Max.u64 = 0; 
 l1cache.stateEvent_FlushLineResp_SB : Accumulator : Sum.u64 = 0; SumSQ.u64 = 0; Count.u64 = 0; Min.u64 = 0; Max.u64 = 0; 
 l1cache.eventSent_GetS : Accumulator : Sum.u64 = 1065; SumSQ.u64 = 1065; Count.u64 = 1065; Min.u64 = 1; Max.u64 = 1; 
 l1cache.eventSent_GetX : Accumulator : Sum.u64 = 240; SumSQ.u64 = 240; Count.u64 = 240; Min.u64 = 1; Max.u64 = 1; 
 l1cache.eventSent_GetSX : Accumulator : Sum.u64 = 0; SumSQ.u64 = 0; Count.u64 = 0; Min.u64 = 0; Max.u64 = 0; 
 l1cache.eventSent_PutM : Accumulator : Sum.u64 = 399; SumSQ.u64 = 399; Count.u64 = 399; Min.u64 = 1; Max.u64 = 1; 
 l1cache.eventSent_NACK : Accumulator : Sum.u64 = 0; SumSQ.u64 = 0; Count.u64 = 0; Min.u64 = 0; Max.u64 = 0; 
 l1cache.eventSent_FlushLine : Accumulator : Sum.u64 = 0; SumSQ.u64 = 0; Count.u64 = 0; Min.u64 = 0; Max.u64 = 0; 
 l1cache.eventSent_FlushLineInv : Accumulator : Sum.u64 = 0; SumSQ.u64 = 0; Count.u64 = 0; Min.u64 = 0; Max.u64 = 0; 
 l1cache.eventSent_FetchResp : Accumulator : Sum.u64 = 0; SumSQ.u64 = 0; Count.u64 = 0; Min.u64 = 0; Max.u64 = 0; 
 l1cache.eventSent_FetchXResp : Accumulator : Sum.u64 = 0; SumSQ.u64 = 0; Count.u64 = 0; Min.u64 = 0; Max.u64 = 0; 
 l1cache.eventSent_AckInv : Accumulator : Sum.u64 = 0; SumSQ.u64 = 0; Count.u64 = 0; Min.u64 = 0; Max.u64 = 0; 
 l1cache.eventSent_GetSResp : Accumulator : Sum.u64 = 108864; SumSQ.u64 = 108864; Count.u64 = 108864; Min.u64 = 1; Max.u64 = 1; 
 l1cache.eventSent_GetXResp : Accumulator : Sum.u64 = 4032; SumSQ.u64 = 4032; Count.u64 = 4032; Min.u64 = 1; Max.u64 = 1; 
 l1cache.eventSent_FlushLineResp : Accumulator : Sum.u64 = 0; SumSQ.u64 = 0; Count.u64 = 0; Min.u64 = 0; Max.u64 = 0; 
 l1cache.eventSent_Put : Accumulator : Sum.u64 = 0; SumSQ.u64 = 0; Count.u64 = 0; Min.u64 = 0; Max.u64 = 0; 
 l1cache.eventSent_Get : Accumulator : Sum.u64 = 0; SumSQ.u64 = 0; Count.u64 = 0; Min.u64 = 0; Max.u64 = 0; 
 l1cache.eventSent_AckMove : Accumulator : Sum.u64 = 0; SumSQ.u64 = 0; Count.u64 = 0; Min.u64 = 0; Max.u64 = 0; 
 l1cache.eventSent_CustomReq : Accumulator : Sum.u64 = 0; SumSQ.u64 = 0; Count.u64 = 0; Min.u64 = 0; Max.u64 = 0; 
 l1cache.eventSent_CustomResp : Accumulator : Sum.u64 = 0; SumSQ.u64 = 0; Count.u64 = 0; Min.u64 = 0; Max.u64 = 0; 
 l1cache.eventSent_CustomAck : Accumulator : Sum.u64 = 0; SumSQ.u64 = 0; Count.u64 = 0; Min.u64 = 0; Max.u64 = 0; 
 l1cache.EventStalledForLockedCacheline : Accumulator : Sum.u64 = 0; SumSQ.u64 = 0; Count.u64 = 0; Min.u64 = 0; Max.u64 = 0; 
 l1cache.evict_I : Accumulator : Sum.u64 = 511; SumSQ.u64 = 511; Count.u64 = 511; Min.u64 = 1; Max.u64 = 1; 
 l1cache.evict_S : Accumulator : Sum.u64 = 0; SumSQ.u64 = 0; Count.u64 = 0; Min.u64 = 0; Max.u64 = 0; 
 l1cache.evict_M : Accumulator : Sum.u64 = 399; SumSQ.u64 = 399; Count.u64 = 399; Min.u64 = 1; Max.u64 = 1; 
 l1cache.evict_IS : Accumulator : Sum.u64 = 0; SumSQ.u64 = 0; Count.u64 = 0; Min.u64 = 0; Max.u64 = 0; 
 l1cache.evict_IM : Accumulator : Sum.u64 = 0; SumSQ.u64 = 0; Count.u64 = 0; Min.u64 = 0; Max.u64 = 0; 
 l1cache.evict_SM : Accumulator : Sum.u64 = 0; SumSQ.u64 = 0; Count.u64 = 0; Min.u64 = 0; Max.u64 = 0; 
 l1cache.evict_SB : Accumulator : Sum.u64 = 0; SumSQ.u64 = 0; Count.u64 = 0; Min.u64 = 0; Max.u64 = 0; 
 l1cache.latency_GetS_hit : Accumulator : Sum.u64 = 4392331; SumSQ.u64 = 5734569969; Count.u64 = 108816; Min.u64 = 3; Max.u64 = 3992; 
 l1cache.latency_GetS_miss : Accumulator : Sum.u64 = 24189; SumSQ.u64 = 21031757; Count.u64 = 48; Min.u64 = 88; Max.u64 = 2153; 
 l1cache.latency_GetX_hit : Accumulator : Sum.u64 = 390071; SumSQ.u64 = 363804565; Count.u64 = 3792; Min.u64 = 3; Max.u64 = 2174; 
 l1cache.latency_GetX_miss : Accumulator : Sum.u64 = 100907; SumSQ.u64 = 105582051; Count.u64 = 240; Min.u64 = 87; Max.u64 = 2920; 
 l1cache.latency_GetX_upgrade : Accumulator : Sum.u64 = 0; SumSQ.u64 = 0; Count.u64 = 0; Min.u64 = 0; Max.u64 = 0; 
 l1cache.latency_GetSX_hit : Accumulator : Sum.u64 = 0; SumSQ.u64 = 0; Count.u64 = 0; Min.u64 = 0; Max.u64 = 0; 
 l1cache.latency_GetSX_miss : Accumulator : Sum.u64 = 0; SumSQ.u64 = 0; Count.u64 = 0; Min.u64 = 0; Max.u64 = 0; 
 l1cache.latency_GetSX_upgrade : Accumulator : Sum.u64 = 0; SumSQ.u64 = 0; Count.u64 = 0; Min.u64 = 0; Max.u64 = 0; 
 l1cache.latency_FlushLine : Accumulator : Sum.u64 = 0; SumSQ.u64 = 0; Count.u64 = 0; Min.u64 = 0; Max.u64 = 0; 
 l1cache.latency_FlushLine_fail : Accumulator : Sum.u64 = 0; SumSQ.u64 = 0; Count.u64 = 0; Min.u64 = 0; Max.u64 = 0; 
 l1cache.latency_FlushLineInv : Accumulator : Sum.u64 = 0; SumSQ.u64 = 0; Count.u64 = 0; Min.u64 = 0; Max.u64 = 0; 
 l1cache.latency_FlushLineInv_fail : Accumulator : Sum.u64 = 0; SumSQ.u64 = 0; Count.u64 = 0; Min.u64 = 0; Max.u64 = 0; 
 l1cache.GetSHit_Arrival : Accumulator : Sum.u64 = 104885; SumSQ.u64 = 104885; Count.u64 = 104885; Min.u64 = 1; Max.u64 = 1; 
 l1cache.GetXHit_Arrival : Accumulator : Sum.u64 = 1589; SumSQ.u64 = 1589; Count.u64 = 1589; Min.u64 = 1; Max.u64 = 1; 
 l1cache.GetSXHit_Arrival : Accumulator : Sum.u64 = 0; SumSQ.u64 = 0; Count.u64 = 0; Min.u64 = 0; Max.u64 = 0; 
 l1cache.GetSHit_Blocked : Accumulator : Sum.u64 = 8257; SumSQ.u64 = 8257; Count.u64 = 8257; Min.u64 = 1; Max.u64 = 1; 
 l1cache.GetXHit_Blocked : Accumulator : Sum.u64 = 2203; SumSQ.u64 = 2203; Count.u64 = 2203; Min.u64 = 1; Max.u64 = 1; 
 l1cache.GetSXHit_Blocked : Accumulator : Sum.u64 = 0; SumSQ.u64 = 0; Count.u64 = 0; Min.u64 = 0; Max.u64 = 0; 
 l1cache.GetSMiss_Arrival : Accumulator : Sum.u64 = 1065; SumSQ.u64 = 1065; Count.u64 = 1065; Min.u64 = 1; Max.u64 = 1; 
 l1cache.GetXMiss_Arrival : Accumulator : Sum.u64 = 240; SumSQ.u64 = 240; Count.u64 = 240; Min.u64 = 1; Max.u64 = 1; 
 l1cache.GetSXMiss_Arrival : Accumulator : Sum.u64 = 0; SumSQ.u64 = 0; Count.u64 = 0; Min.u64 = 0; Max.u64 = 0; 
 l1cache.GetSMiss_Blocked : Accumulator : Sum.u64 = 0; SumSQ.u64 = 0; Count.u64 = 0; Min.u64 = 0; Max.u64 = 0; 
 l1cache.GetXMiss_Blocked : Accumulator : Sum.u64 = 0; SumSQ.u64 = 0; Count.u64 = 0; Min.u64 = 0; Max.u64 = 0; 
 l1cache.GetSXMiss_Blocked : Accumulator : Sum.u64 = 0; SumSQ.u64 = 0; Count.u64 = 0; Min.u64 = 0; Max.u64 = 0; 
 l1cache.stateEvent_AckPut_I : Accumulator : Sum.u64 = 0; SumSQ.u64 = 0; Count.u64 = 0; Min.u64 = 0; Max.u64 = 0; 
 l1cache.eventSent_PutS : Accumulator : Sum.u64 = 0; SumSQ.u64 = 0; Count.u64 = 0; Min.u64 = 0; Max.u64 = 0; 
 l1cache.eventSent_PutE : Accumulator : Sum.u64 = 0; SumSQ.u64 = 0; Count.u64 = 0; Min.u64 = 0; Max.u64 = 0; 
 l1cache.prefetch_evict : Accumulator : Sum.u64 = 1; SumSQ.u64 = 1; Count.u64 = 1; Min.u64 = 1; Max.u64 = 1; 
 l1cache.prefetch_inv : Accumulator : Sum.u64 = 0; SumSQ.u64 = 0; Count.u64 = 0; Min.u64 = 0; Max.u64 = 0; 
 l1cache.prefetch_useful : Accumulator : Sum.u64 = 1014; SumSQ.u64 = 1014; Count.u64 = 1014; Min.u64 = 1; Max.u64 = 1; 
 l1cache.prefetch_coherence_miss : Accumulator : Sum.u64 = 0; SumSQ.u64 = 0; Count.u64 = 0; Min.u64 = 0; Max.u64 = 0; 
 l1cache.prefetch_redundant : Accumulator : Sum.u64 = 4326; SumSQ.u64 = 4326; Count.u64 = 4326; Min.u64 = 1; Max.u64 = 1; 
 l1cache.stateEvent_GetS_E : Accumulator : Sum.u64 = 112942; SumSQ.u64 = 112942; Count.u64 = 112942; Min.u64 = 1; Max.u64 = 1; 
 l1cache.stateEvent_GetX_E : Accumulator : Sum.u64 = 312; SumSQ.u64 = 312; Count.u64 = 312; Min.u64 = 1; Max.u64 = 1; 
 l1cache.stateEvent_GetSX_E : Accumulator : Sum.u64 = 0; SumSQ.u64 = 0; Count.u64 = 0; Min.u64 = 0; Max.u64 = 0; 
 l1cache.stateEvent_FlushLine_E : Accumulator : Sum.u64 = 0; SumSQ.u64 = 0; Count.u64 = 0; Min.u64 = 0; Max.u64 = 0; 
 l1cache.stateEvent_FlushLineInv_E : Accumulator : Sum.u64 = 0; SumSQ.u64 = 0; Count.u64 = 0; Min.u64 = 0; Max.u64 = 0; 
 l1cache.stateEvent_FetchInv_E : Accumulator : Sum.u64 = 0; SumSQ.u64 = 0; Count.u64 = 0; Min.u64 = 0; Max.u64 = 0; 
 l1cache.stateEvent_ForceInv_E : Accumulator : Sum.u64 = 0; SumSQ.u64 = 0; Count.u64 = 0; Min.u64 = 0; Max.u64 = 0; 
 l1cache.stateEvent_FetchInvX_E : Accumulator : Sum.u64 = 0; SumSQ.u64 = 0; Count.u64 = 0; Min.u64 = 0; Max.u64 = 0; 
 l1cache.evict_E : Accumulator : Sum.u64 = 394; SumSQ.u64 = 394; Count.u64 = 394; Min.u64 = 1; Max.u64 = 1; 
 l1cache.TotalEventsReceived : Accumulator : Sum.u64 = 114199; SumSQ.u64 = 114199; Count.u64 = 114199; Min.u64 = 1; Max.u64 = 1; 
 l1cache.TotalEventsReplayed : Accumulator : Sum.u64 = 10460; SumSQ.u64 = 10460; Count.u64 = 10460; Min.u64 = 1; Max.u64 = 1; 
 l1cache.GetS_uncache_recv : Accumulator : Sum.u64 = 0; SumSQ.u64 = 0; Count.u64 = 0; Min.u64 = 0; Max.u64 = 0; 
 l1cache.GetX_uncache_recv : Accumulator : Sum.u64 = 0; SumSQ.u64 = 0; Count.u64 = 0; Min.u64 = 0; Max.u64 = 0; 
 l1cache.GetSX_uncache_recv : Accumulator : Sum.u64 = 0; SumSQ.u64 = 0; Count.u64 = 0; Min.u64 = 0; Max.u64 = 0; 
 l1cache.GetSResp_uncache_recv : Accumulator : Sum.u64 = 0; SumSQ.u64 = 0; Count.u64 = 0; Min.u64 = 0; Max.u64 = 0; 
 l1cache.GetXResp_uncache_recv : Accumulator : Sum.u64 = 0; SumSQ.u64 = 0; Count.u64 = 0; Min.u64 = 0; Max.u64 = 0; 
 l1cache.CustomReq_uncache_recv : Accumulator : Sum.u64 = 0; SumSQ.u64 = 0; Count.u64 = 0; Min.u64 = 0; Max.u64 = 0; 
 l1cache.CustomResp_uncache_recv : Accumulator : Sum.u64 = 0; SumSQ.u64 = 0; Count.u64 = 0; Min.u64 = 0; Max.u64 = 0; 
 l1cache.CustomAck_uncache_recv : Accumulator : Sum.u64 = 0; SumSQ.u64 = 0; Count.u64 = 0; Min.u64 = 0; Max.u64 = 0; 
 l1cache.NULLCMD_recv : Accumulator : Sum.u64 = 0; SumSQ.u64 = 0; Count.u64 = 0; Min.u64 = 0; Max.u64 = 0; 
 l1cache.GetS_recv : Accumulator : Sum.u64 = 155514; SumSQ.u64 = 155514; Count.u64 = 155514; Min.u64 = 1; Max.u64 = 1; 
 l1cache.GetX_recv : Accumulator : Sum.u64 = 6240; SumSQ.u64 = 6240; Count.u64 = 6240; Min.u64 = 1; Max.u64 = 1; 
 l1cache.GetSX_recv : Accumulator : Sum.u64 = 0; SumSQ.u64 = 0; Count.u64 = 0; Min.u64 = 0; Max.u64 = 0; 
 l1cache.FlushLine_recv : Accumulator : Sum.u64 = 0; SumSQ.u64 = 0; Count.u64 = 0; Min.u64 = 0; Max.u64 = 0; 
 l1cache.FlushLineInv_recv : Accumulator : Sum.u64 = 0; SumSQ.u64 = 0; Count.u64 = 0; Min.u64 = 0; Max.u64 = 0; 
 l1cache.GetSResp_recv : Accumulator : Sum.u64 = 0; SumSQ.u64 = 0; Count.u64 = 0; Min.u64 = 0; Max.u64 = 0; 
 l1cache.GetXResp_recv : Accumulator : Sum.u64 = 1353; SumSQ.u64 = 1353; Count.u64 = 1353; Min.u64 = 1; Max.u64 = 1; 
 l1cache.FlushLineResp_recv : Accumulator : Sum.u64 = 0; SumSQ.u64 = 0; Count.u64 = 0; Min.u64 = 0; Max.u64 = 0; 
 l1cache.Inv_recv : Accumulator : Sum.u64 = 0; SumSQ.u64 = 0; Count.u64 = 0; Min.u64 = 0; Max.u64 = 0; 
 l1cache.ForceInv_recv : Accumulator : Sum.u64 = 0; SumSQ.u64 = 0; Count.u64 = 0; Min.u64 = 0; Max.u64 = 0; 
 l1cache.Fetch_recv : Accumulator : Sum.u64 = 0; SumSQ.u64 = 0; Count.u64 = 0; Min.u64 = 0; Max.u64 = 0; 
 l1cache.FetchInv_recv : Accumulator : Sum.u64 = 0; SumSQ.u64 = 0; Count.u64 = 0; Min.u64 = 0; Max.u64 = 0; 
 l1cache.FetchInvX_recv : Accumulator : Sum.u64 = 0; SumSQ.u64 = 0; Count.u64 = 0; Min.u64 = 0; Max.u64 = 0; 
 l1cache.NACK_recv : Accumulator : Sum.u64 = 0; SumSQ.u64 = 0; Count.u64 = 0; Min.u64 = 0; Max.u64 = 0; 
 l1cache.AckPut_recv : Accumulator : Sum.u64 = 0; SumSQ.u64 = 0; Count.u64 = 0; Min.u64 = 0; Max.u64 = 0; 
 l1cache.MSHR_occupancy : Accumulator : Sum.u64 = 5085671; SumSQ.u64 = 85988825; Count.u64 = 321244; Min.u64 = 0; Max.u64 = 35; 
 l1cache.Bank_conflicts : Accumulator : Sum.u64 = 0; SumSQ.u64 = 0; Count.u64 = 0; Min.u64 = 0; Max.u64 = 0; 
Simulation is complete, simulated time: 160.622 us
