NB: Addr: 0x30484 timestamp: 30 Cmd: 1 ID: 12-0 ResponseID: 0--1 @15 ns
NB: Addr: 0x55084 timestamp: 140 Cmd: 1 ID: 13-0 ResponseID: 0--1 @70 ns
SB: Addr: 0x30484 timestamp: 232 Cmd: 8 ID: 12-0 ResponseID: 12-0 @116 ns
SB: Addr: 0x55084 timestamp: 342 Cmd: 8 ID: 13-0 ResponseID: 13-0 @171 ns
NB: Addr: 0x65276 timestamp: 652 Cmd: 1 ID: 14-0 ResponseID: 0--1 @326 ns
SB: Addr: 0x65276 timestamp: 854 Cmd: 8 ID: 14-0 ResponseID: 14-0 @427 ns
NB: Addr: 0x40016 timestamp: 952 Cmd: 1 ID: 15-0 ResponseID: 0--1 @476 ns
NB: Addr: 0x52728 timestamp: 978 Cmd: 2 ID: 16-0 ResponseID: 0--1 @489 ns
SB: Addr: 0x40016 timestamp: 1154 Cmd: 8 ID: 15-0 ResponseID: 15-0 @577 ns
SB: Addr: 0x52728 timestamp: 1180 Cmd: 8 ID: 16-0 ResponseID: 16-0 @590 ns
NB: Addr: 0x56368 timestamp: 1242 Cmd: 1 ID: 17-0 ResponseID: 0--1 @621 ns
NB: Addr: 0x48872 timestamp: 1386 Cmd: 1 ID: 18-0 ResponseID: 0--1 @693 ns
NB: Addr: 0x44964 timestamp: 1438 Cmd: 1 ID: 19-0 ResponseID: 0--1 @719 ns
SB: Addr: 0x56368 timestamp: 1444 Cmd: 8 ID: 17-0 ResponseID: 17-0 @722 ns
NB: Addr: 0x9028 timestamp: 1542 Cmd: 1 ID: 20-0 ResponseID: 0--1 @771 ns
SB: Addr: 0x48872 timestamp: 1588 Cmd: 8 ID: 18-0 ResponseID: 18-0 @794 ns
SB: Addr: 0x44964 timestamp: 1640 Cmd: 8 ID: 19-0 ResponseID: 19-0 @820 ns
NB: Addr: 0x48036 timestamp: 1660 Cmd: 1 ID: 21-0 ResponseID: 0--1 @830 ns
SB: Addr: 0x9028 timestamp: 1744 Cmd: 8 ID: 20-0 ResponseID: 20-0 @872 ns
SB: Addr: 0x48036 timestamp: 1862 Cmd: 8 ID: 21-0 ResponseID: 21-0 @931 ns
NB: Addr: 0x21444 timestamp: 1868 Cmd: 1 ID: 22-0 ResponseID: 0--1 @934 ns
NB: Addr: 0x32928 timestamp: 1924 Cmd: 1 ID: 23-0 ResponseID: 0--1 @962 ns
NB: Addr: 0x33112 timestamp: 1950 Cmd: 1 ID: 24-0 ResponseID: 0--1 @975 ns
SB: Addr: 0x21444 timestamp: 2070 Cmd: 8 ID: 22-0 ResponseID: 22-0 @1035 ns
SB: Addr: 0x32928 timestamp: 2126 Cmd: 8 ID: 23-0 ResponseID: 23-0 @1063 ns
SB: Addr: 0x33112 timestamp: 2152 Cmd: 8 ID: 24-0 ResponseID: 24-0 @1076 ns
NB: Addr: 0x608 timestamp: 2280 Cmd: 1 ID: 25-0 ResponseID: 0--1 @1140 ns
NB: Addr: 0x20504 timestamp: 2300 Cmd: 1 ID: 26-0 ResponseID: 0--1 @1150 ns
NB: Addr: 0x41376 timestamp: 2374 Cmd: 1 ID: 27-0 ResponseID: 0--1 @1187 ns
NB: Addr: 0x27224 timestamp: 2420 Cmd: 1 ID: 28-0 ResponseID: 0--1 @1210 ns
SB: Addr: 0x608 timestamp: 2482 Cmd: 8 ID: 25-0 ResponseID: 25-0 @1241 ns
SB: Addr: 0x20504 timestamp: 2502 Cmd: 8 ID: 26-0 ResponseID: 26-0 @1251 ns
SB: Addr: 0x41376 timestamp: 2576 Cmd: 8 ID: 27-0 ResponseID: 27-0 @1288 ns
SB: Addr: 0x27224 timestamp: 2622 Cmd: 8 ID: 28-0 ResponseID: 28-0 @1311 ns
NB: Addr: 0x23188 timestamp: 2840 Cmd: 1 ID: 29-0 ResponseID: 0--1 @1420 ns
SB: Addr: 0x23188 timestamp: 3042 Cmd: 8 ID: 29-0 ResponseID: 29-0 @1521 ns
NB: Addr: 0x42264 timestamp: 3124 Cmd: 1 ID: 30-0 ResponseID: 0--1 @1562 ns
NB: Addr: 0x24740 timestamp: 3220 Cmd: 1 ID: 31-0 ResponseID: 0--1 @1610 ns
SB: Addr: 0x42264 timestamp: 3326 Cmd: 8 ID: 30-0 ResponseID: 30-0 @1663 ns
NB: Addr: 0x57832 timestamp: 3330 Cmd: 2 ID: 32-0 ResponseID: 0--1 @1665 ns
SB: Addr: 0x24740 timestamp: 3422 Cmd: 8 ID: 31-0 ResponseID: 31-0 @1711 ns
SB: Addr: 0x57832 timestamp: 3532 Cmd: 8 ID: 32-0 ResponseID: 32-0 @1766 ns
NB: Addr: 0x62876 timestamp: 3960 Cmd: 1 ID: 34-0 ResponseID: 0--1 @1980 ns
SB: Addr: 0x62876 timestamp: 4162 Cmd: 8 ID: 34-0 ResponseID: 34-0 @2081 ns
NB: Addr: 0x28900 timestamp: 4860 Cmd: 2 ID: 35-0 ResponseID: 0--1 @2430 ns
SB: Addr: 0x28900 timestamp: 5062 Cmd: 8 ID: 35-0 ResponseID: 35-0 @2531 ns
NB: Addr: 0x19544 timestamp: 5438 Cmd: 1 ID: 36-0 ResponseID: 0--1 @2719 ns
SB: Addr: 0x19544 timestamp: 5640 Cmd: 8 ID: 36-0 ResponseID: 36-0 @2820 ns
NB: Addr: 0x36848 timestamp: 5722 Cmd: 1 ID: 37-0 ResponseID: 0--1 @2861 ns
NB: Addr: 0x57648 timestamp: 5920 Cmd: 1 ID: 38-0 ResponseID: 0--1 @2960 ns
SB: Addr: 0x36848 timestamp: 5924 Cmd: 8 ID: 37-0 ResponseID: 37-0 @2962 ns
NB: Addr: 0x53628 timestamp: 5980 Cmd: 1 ID: 40-0 ResponseID: 0--1 @2990 ns
SB: Addr: 0x57648 timestamp: 6122 Cmd: 8 ID: 38-0 ResponseID: 38-0 @3061 ns
SB: Addr: 0x53628 timestamp: 6182 Cmd: 8 ID: 40-0 ResponseID: 40-0 @3091 ns
NB: Addr: 0x37844 timestamp: 6414 Cmd: 1 ID: 41-0 ResponseID: 0--1 @3207 ns
NB: Addr: 0x5652 timestamp: 6542 Cmd: 1 ID: 42-0 ResponseID: 0--1 @3271 ns
NB: Addr: 0x15264 timestamp: 6566 Cmd: 1 ID: 43-0 ResponseID: 0--1 @3283 ns
SB: Addr: 0x37844 timestamp: 6616 Cmd: 8 ID: 41-0 ResponseID: 41-0 @3308 ns
SB: Addr: 0x5652 timestamp: 6744 Cmd: 8 ID: 42-0 ResponseID: 42-0 @3372 ns
SB: Addr: 0x15264 timestamp: 6768 Cmd: 8 ID: 43-0 ResponseID: 43-0 @3384 ns
NB: Addr: 0x38040 timestamp: 7008 Cmd: 1 ID: 44-0 ResponseID: 0--1 @3504 ns
NB: Addr: 0x48928 timestamp: 7032 Cmd: 1 ID: 45-0 ResponseID: 0--1 @3516 ns
NB: Addr: 0x36680 timestamp: 7044 Cmd: 2 ID: 46-0 ResponseID: 0--1 @3522 ns
SB: Addr: 0x38040 timestamp: 7210 Cmd: 8 ID: 44-0 ResponseID: 44-0 @3605 ns
SB: Addr: 0x48928 timestamp: 7234 Cmd: 8 ID: 45-0 ResponseID: 45-0 @3617 ns
SB: Addr: 0x36680 timestamp: 7246 Cmd: 8 ID: 46-0 ResponseID: 46-0 @3623 ns
NB: Addr: 0x8552 timestamp: 7324 Cmd: 1 ID: 47-0 ResponseID: 0--1 @3662 ns
NB: Addr: 0x23688 timestamp: 7356 Cmd: 1 ID: 48-0 ResponseID: 0--1 @3678 ns
NB: Addr: 0x20208 timestamp: 7388 Cmd: 1 ID: 49-0 ResponseID: 0--1 @3694 ns
NB: Addr: 0x25896 timestamp: 7486 Cmd: 2 ID: 50-0 ResponseID: 0--1 @3743 ns
SB: Addr: 0x8552 timestamp: 7526 Cmd: 8 ID: 47-0 ResponseID: 47-0 @3763 ns
SB: Addr: 0x23688 timestamp: 7558 Cmd: 8 ID: 48-0 ResponseID: 48-0 @3779 ns
SB: Addr: 0x20208 timestamp: 7590 Cmd: 8 ID: 49-0 ResponseID: 49-0 @3795 ns
SB: Addr: 0x25896 timestamp: 7688 Cmd: 8 ID: 50-0 ResponseID: 50-0 @3844 ns
NB: Addr: 0x54020 timestamp: 7898 Cmd: 1 ID: 51-0 ResponseID: 0--1 @3949 ns
NB: Addr: 0x360 timestamp: 7954 Cmd: 1 ID: 52-0 ResponseID: 0--1 @3977 ns
SB: Addr: 0x54020 timestamp: 8100 Cmd: 8 ID: 51-0 ResponseID: 51-0 @4050 ns
SB: Addr: 0x360 timestamp: 8156 Cmd: 8 ID: 52-0 ResponseID: 52-0 @4078 ns
NB: Addr: 0x18796 timestamp: 8394 Cmd: 1 ID: 53-0 ResponseID: 0--1 @4197 ns
NB: Addr: 0x17036 timestamp: 8482 Cmd: 1 ID: 55-0 ResponseID: 0--1 @4241 ns
SB: Addr: 0x18796 timestamp: 8596 Cmd: 8 ID: 53-0 ResponseID: 53-0 @4298 ns
NB: Addr: 0x51444 timestamp: 8634 Cmd: 1 ID: 56-0 ResponseID: 0--1 @4317 ns
SB: Addr: 0x17036 timestamp: 8684 Cmd: 8 ID: 55-0 ResponseID: 55-0 @4342 ns
NB: Addr: 0x7084 timestamp: 8692 Cmd: 1 ID: 57-0 ResponseID: 0--1 @4346 ns
SB: Addr: 0x51444 timestamp: 8836 Cmd: 8 ID: 56-0 ResponseID: 56-0 @4418 ns
SB: Addr: 0x7084 timestamp: 8894 Cmd: 8 ID: 57-0 ResponseID: 57-0 @4447 ns
NB: Addr: 0x43684 timestamp: 9522 Cmd: 1 ID: 59-0 ResponseID: 0--1 @4761 ns
NB: Addr: 0x36068 timestamp: 9582 Cmd: 1 ID: 60-0 ResponseID: 0--1 @4791 ns
NB: Addr: 0x51752 timestamp: 9706 Cmd: 2 ID: 61-0 ResponseID: 0--1 @4853 ns
SB: Addr: 0x43684 timestamp: 9724 Cmd: 8 ID: 59-0 ResponseID: 59-0 @4862 ns
SB: Addr: 0x36068 timestamp: 9784 Cmd: 8 ID: 60-0 ResponseID: 60-0 @4892 ns
NB: Addr: 0x12248 timestamp: 9794 Cmd: 1 ID: 62-0 ResponseID: 0--1 @4897 ns
SB: Addr: 0x51752 timestamp: 9908 Cmd: 8 ID: 61-0 ResponseID: 61-0 @4954 ns
SB: Addr: 0x12248 timestamp: 9996 Cmd: 8 ID: 62-0 ResponseID: 62-0 @4998 ns
NB: Addr: 0x10832 timestamp: 10076 Cmd: 1 ID: 63-0 ResponseID: 0--1 @5038 ns
NB: Addr: 0x49036 timestamp: 10116 Cmd: 1 ID: 64-0 ResponseID: 0--1 @5058 ns
SB: Addr: 0x10832 timestamp: 10278 Cmd: 8 ID: 63-0 ResponseID: 63-0 @5139 ns
NB: Addr: 0x30272 timestamp: 10292 Cmd: 1 ID: 66-0 ResponseID: 0--1 @5146 ns
SB: Addr: 0x49036 timestamp: 10318 Cmd: 8 ID: 64-0 ResponseID: 64-0 @5159 ns
NB: Addr: 0x33616 timestamp: 10412 Cmd: 1 ID: 67-0 ResponseID: 0--1 @5206 ns
SB: Addr: 0x30272 timestamp: 10494 Cmd: 8 ID: 66-0 ResponseID: 66-0 @5247 ns
SB: Addr: 0x33616 timestamp: 10614 Cmd: 8 ID: 67-0 ResponseID: 67-0 @5307 ns
NB: Addr: 0x61788 timestamp: 10862 Cmd: 1 ID: 68-0 ResponseID: 0--1 @5431 ns
SB: Addr: 0x61788 timestamp: 11064 Cmd: 8 ID: 68-0 ResponseID: 68-0 @5532 ns
NB: Addr: 0x30388 timestamp: 11094 Cmd: 1 ID: 70-0 ResponseID: 0--1 @5547 ns
SB: Addr: 0x30388 timestamp: 11296 Cmd: 8 ID: 70-0 ResponseID: 70-0 @5648 ns
NB: Addr: 0x2124 timestamp: 11718 Cmd: 1 ID: 71-0 ResponseID: 0--1 @5859 ns
NB: Addr: 0x49724 timestamp: 11750 Cmd: 1 ID: 72-0 ResponseID: 0--1 @5875 ns
SB: Addr: 0x2124 timestamp: 11920 Cmd: 8 ID: 71-0 ResponseID: 71-0 @5960 ns
SB: Addr: 0x49724 timestamp: 11952 Cmd: 8 ID: 72-0 ResponseID: 72-0 @5976 ns
NB: Addr: 0x22980 timestamp: 12120 Cmd: 1 ID: 73-0 ResponseID: 0--1 @6060 ns
SB: Addr: 0x22980 timestamp: 12322 Cmd: 8 ID: 73-0 ResponseID: 73-0 @6161 ns
NB: Addr: 0x17164 timestamp: 12382 Cmd: 1 ID: 74-0 ResponseID: 0--1 @6191 ns
SB: Addr: 0x17164 timestamp: 12584 Cmd: 8 ID: 74-0 ResponseID: 74-0 @6292 ns
NB: Addr: 0x2304 timestamp: 13118 Cmd: 1 ID: 76-0 ResponseID: 0--1 @6559 ns
NB: Addr: 0x14976 timestamp: 13188 Cmd: 1 ID: 77-0 ResponseID: 0--1 @6594 ns
NB: Addr: 0x32788 timestamp: 13192 Cmd: 1 ID: 79-0 ResponseID: 0--1 @6596 ns
SB: Addr: 0x2304 timestamp: 13320 Cmd: 8 ID: 76-0 ResponseID: 76-0 @6660 ns
SB: Addr: 0x14976 timestamp: 13390 Cmd: 8 ID: 77-0 ResponseID: 77-0 @6695 ns
SB: Addr: 0x32788 timestamp: 13394 Cmd: 8 ID: 79-0 ResponseID: 79-0 @6697 ns
NB: Addr: 0x4504 timestamp: 13478 Cmd: 1 ID: 80-0 ResponseID: 0--1 @6739 ns
SB: Addr: 0x4504 timestamp: 13680 Cmd: 8 ID: 80-0 ResponseID: 80-0 @6840 ns
NB: Addr: 0x2388 timestamp: 13876 Cmd: 1 ID: 81-0 ResponseID: 0--1 @6938 ns
SB: Addr: 0x2388 timestamp: 14078 Cmd: 8 ID: 81-0 ResponseID: 81-0 @7039 ns
NB: Addr: 0x44636 timestamp: 14210 Cmd: 1 ID: 83-0 ResponseID: 0--1 @7105 ns
SB: Addr: 0x44636 timestamp: 14412 Cmd: 8 ID: 83-0 ResponseID: 83-0 @7206 ns
NB: Addr: 0x40100 timestamp: 14466 Cmd: 1 ID: 85-0 ResponseID: 0--1 @7233 ns
NB: Addr: 0x4136 timestamp: 14488 Cmd: 1 ID: 87-0 ResponseID: 0--1 @7244 ns
SB: Addr: 0x40100 timestamp: 14668 Cmd: 8 ID: 85-0 ResponseID: 85-0 @7334 ns
SB: Addr: 0x4136 timestamp: 14690 Cmd: 8 ID: 87-0 ResponseID: 87-0 @7345 ns
NB: Addr: 0x28088 timestamp: 14748 Cmd: 1 ID: 88-0 ResponseID: 0--1 @7374 ns
SB: Addr: 0x28088 timestamp: 14950 Cmd: 8 ID: 88-0 ResponseID: 88-0 @7475 ns
NB: Addr: 0x34900 timestamp: 15028 Cmd: 1 ID: 89-0 ResponseID: 0--1 @7514 ns
NB: Addr: 0x47344 timestamp: 15152 Cmd: 2 ID: 90-0 ResponseID: 0--1 @7576 ns
NB: Addr: 0x43004 timestamp: 15178 Cmd: 1 ID: 91-0 ResponseID: 0--1 @7589 ns
NB: Addr: 0x23712 timestamp: 15210 Cmd: 2 ID: 93-0 ResponseID: 0--1 @7605 ns
SB: Addr: 0x34900 timestamp: 15230 Cmd: 8 ID: 89-0 ResponseID: 89-0 @7615 ns
SB: Addr: 0x47344 timestamp: 15354 Cmd: 8 ID: 90-0 ResponseID: 90-0 @7677 ns
NB: Addr: 0x47228 timestamp: 15360 Cmd: 1 ID: 94-0 ResponseID: 0--1 @7680 ns
SB: Addr: 0x43004 timestamp: 15380 Cmd: 8 ID: 91-0 ResponseID: 91-0 @7690 ns
SB: Addr: 0x23712 timestamp: 15412 Cmd: 8 ID: 93-0 ResponseID: 93-0 @7706 ns
SB: Addr: 0x47228 timestamp: 15562 Cmd: 8 ID: 94-0 ResponseID: 94-0 @7781 ns
NB: Addr: 0x51836 timestamp: 15608 Cmd: 2 ID: 96-0 ResponseID: 0--1 @7804 ns
SB: Addr: 0x51836 timestamp: 15810 Cmd: 8 ID: 96-0 ResponseID: 96-0 @7905 ns
NB: Addr: 0x29884 timestamp: 15932 Cmd: 1 ID: 98-0 ResponseID: 0--1 @7966 ns
SB: Addr: 0x29884 timestamp: 16134 Cmd: 8 ID: 98-0 ResponseID: 98-0 @8067 ns
NB: Addr: 0x57352 timestamp: 16208 Cmd: 2 ID: 100-0 ResponseID: 0--1 @8104 ns
NB: Addr: 0x19096 timestamp: 16308 Cmd: 1 ID: 102-0 ResponseID: 0--1 @8154 ns
NB: Addr: 0x62228 timestamp: 16378 Cmd: 1 ID: 104-0 ResponseID: 0--1 @8189 ns
SB: Addr: 0x57352 timestamp: 16410 Cmd: 8 ID: 100-0 ResponseID: 100-0 @8205 ns
NB: Addr: 0x10136 timestamp: 16470 Cmd: 1 ID: 106-0 ResponseID: 0--1 @8235 ns
NB: Addr: 0x59316 timestamp: 16508 Cmd: 1 ID: 108-0 ResponseID: 0--1 @8254 ns
SB: Addr: 0x19096 timestamp: 16510 Cmd: 8 ID: 102-0 ResponseID: 102-0 @8255 ns
SB: Addr: 0x62228 timestamp: 16580 Cmd: 8 ID: 104-0 ResponseID: 104-0 @8290 ns
SB: Addr: 0x10136 timestamp: 16672 Cmd: 8 ID: 106-0 ResponseID: 106-0 @8336 ns
SB: Addr: 0x59316 timestamp: 16710 Cmd: 8 ID: 108-0 ResponseID: 108-0 @8355 ns
NB: Addr: 0x31068 timestamp: 16966 Cmd: 1 ID: 110-0 ResponseID: 0--1 @8483 ns
NB: Addr: 0x832 timestamp: 17112 Cmd: 1 ID: 112-0 ResponseID: 0--1 @8556 ns
SB: Addr: 0x31068 timestamp: 17168 Cmd: 8 ID: 110-0 ResponseID: 110-0 @8584 ns
SB: Addr: 0x832 timestamp: 17314 Cmd: 8 ID: 112-0 ResponseID: 112-0 @8657 ns
NB: Addr: 0x19376 timestamp: 17720 Cmd: 1 ID: 114-0 ResponseID: 0--1 @8860 ns
NB: Addr: 0x28584 timestamp: 17762 Cmd: 1 ID: 116-0 ResponseID: 0--1 @8881 ns
SB: Addr: 0x19376 timestamp: 17922 Cmd: 8 ID: 114-0 ResponseID: 114-0 @8961 ns
NB: Addr: 0x55732 timestamp: 17954 Cmd: 1 ID: 118-0 ResponseID: 0--1 @8977 ns
SB: Addr: 0x28584 timestamp: 17964 Cmd: 8 ID: 116-0 ResponseID: 116-0 @8982 ns
SB: Addr: 0x55732 timestamp: 18156 Cmd: 8 ID: 118-0 ResponseID: 118-0 @9078 ns
NB: Addr: 0x31996 timestamp: 18262 Cmd: 1 ID: 120-0 ResponseID: 0--1 @9131 ns
NB: Addr: 0x7312 timestamp: 18344 Cmd: 1 ID: 122-0 ResponseID: 0--1 @9172 ns
NB: Addr: 0x15432 timestamp: 18386 Cmd: 1 ID: 124-0 ResponseID: 0--1 @9193 ns
NB: Addr: 0x18932 timestamp: 18424 Cmd: 1 ID: 126-0 ResponseID: 0--1 @9212 ns
SB: Addr: 0x31996 timestamp: 18464 Cmd: 8 ID: 120-0 ResponseID: 120-0 @9232 ns
NB: Addr: 0x15312 timestamp: 18484 Cmd: 1 ID: 127-0 ResponseID: 0--1 @9242 ns
SB: Addr: 0x7312 timestamp: 18546 Cmd: 8 ID: 122-0 ResponseID: 122-0 @9273 ns
SB: Addr: 0x15432 timestamp: 18588 Cmd: 8 ID: 124-0 ResponseID: 124-0 @9294 ns
SB: Addr: 0x18932 timestamp: 18626 Cmd: 8 ID: 126-0 ResponseID: 126-0 @9313 ns
SB: Addr: 0x15312 timestamp: 18686 Cmd: 8 ID: 127-0 ResponseID: 127-0 @9343 ns
NB: Addr: 0x21372 timestamp: 18726 Cmd: 1 ID: 129-0 ResponseID: 0--1 @9363 ns
SB: Addr: 0x21372 timestamp: 18928 Cmd: 8 ID: 129-0 ResponseID: 129-0 @9464 ns
NB: Addr: 0x4856 timestamp: 19220 Cmd: 1 ID: 131-0 ResponseID: 0--1 @9610 ns
NB: Addr: 0x55168 timestamp: 19234 Cmd: 1 ID: 132-0 ResponseID: 0--1 @9617 ns
NB: Addr: 0x39800 timestamp: 19344 Cmd: 1 ID: 134-0 ResponseID: 0--1 @9672 ns
NB: Addr: 0x13484 timestamp: 19422 Cmd: 2 ID: 136-0 ResponseID: 0--1 @9711 ns
SB: Addr: 0x4856 timestamp: 19422 Cmd: 8 ID: 131-0 ResponseID: 131-0 @9711 ns
SB: Addr: 0x55168 timestamp: 19436 Cmd: 8 ID: 132-0 ResponseID: 132-0 @9718 ns
SB: Addr: 0x39800 timestamp: 19546 Cmd: 8 ID: 134-0 ResponseID: 134-0 @9773 ns
NB: Addr: 0x3328 timestamp: 19554 Cmd: 1 ID: 138-0 ResponseID: 0--1 @9777 ns
SB: Addr: 0x13484 timestamp: 19624 Cmd: 8 ID: 136-0 ResponseID: 136-0 @9812 ns
NB: Addr: 0x22924 timestamp: 19704 Cmd: 1 ID: 140-0 ResponseID: 0--1 @9852 ns
SB: Addr: 0x3328 timestamp: 19756 Cmd: 8 ID: 138-0 ResponseID: 138-0 @9878 ns
NB: Addr: 0x45492 timestamp: 19874 Cmd: 1 ID: 142-0 ResponseID: 0--1 @9937 ns
SB: Addr: 0x22924 timestamp: 19906 Cmd: 8 ID: 140-0 ResponseID: 140-0 @9953 ns
SB: Addr: 0x45492 timestamp: 20076 Cmd: 8 ID: 142-0 ResponseID: 142-0 @10038 ns
FINAL STATS:
-----------------------------------------------------------------
- Events at NorthBus                 : 96
- Events at SouthBus                 : 96
- Total Events                       : 192
-----------------------------------------------------------------

Address Histogram:
-----------------------------------------------------------------
Address_Range: Count
- [0-4095]: 7
- [4096-8191]: 6
- [8192-12287]: 5
- [12288-16383]: 5
- [16384-20479]: 8
- [20480-24575]: 8
- [24576-28671]: 5
- [28672-32767]: 7
- [32768-36863]: 8
- [36864-40959]: 5
- [40960-45055]: 6
- [45056-49151]: 7
- [49152-53247]: 5
- [53248-57343]: 6
- [57344-61439]: 4
- [61440-65535]: 4
-----------------------------------------------------------------
- Total_Events_Address: 96
-----------------------------------------------------------------

Access Latency Distribution (ns):
-----------------------------------------------------------------
Min-Latency(ns): 101  Max-Latency(ns): 101  #Bins: 10
-----------------------------------------------------------------
Latency Range(ns): Count
- [101-101]: 96
-----------------------------------------------------------------
- Total_Events_Latency: 96
-----------------------------------------------------------------

